\BOOKMARK [0][-]{chapter.1}{\376\377\000I\000n\000t\000r\000o\000d\000u\000c\000t\000i\000o\000n}{}% 1
\BOOKMARK [1][-]{section.1.1}{\376\377\000C\000o\000s\000m\000i\000c\000\040\000M\000i\000c\000r\000o\000w\000a\000v\000e\000\040\000B\000a\000c\000k\000g\000r\000o\000u\000n\000d\000\040\000a\000n\000d\000\040\000I\000n\000f\000l\000a\000t\000i\000o\000n}{chapter.1}% 2
\BOOKMARK [1][-]{section.1.2}{\376\377\000C\000M\000B\000\040\000P\000o\000l\000a\000r\000i\000z\000a\000t\000i\000o\000n\000\040\000a\000n\000d\000\040\000P\000r\000i\000m\000o\000r\000d\000i\000a\000l\000\040\000B\000-\000M\000o\000d\000e\000s}{chapter.1}% 3
\BOOKMARK [1][-]{section.1.3}{\376\377\000T\000h\000e\000\040\000L\000i\000t\000e\000B\000I\000R\000D\000\040\000M\000i\000s\000s\000i\000o\000n}{chapter.1}% 4
\BOOKMARK [1][-]{section.1.4}{\376\377\000A\000i\000m\000\040\000a\000n\000d\000\040\000S\000t\000r\000u\000c\000t\000u\000r\000e\000\040\000o\000f\000\040\000t\000h\000e\000\040\000T\000h\000e\000s\000i\000s}{chapter.1}% 5
\BOOKMARK [0][-]{chapter.2}{\376\377\000S\000c\000i\000e\000n\000t\000i\000f\000i\000c\000\040\000B\000a\000c\000k\000g\000r\000o\000u\000n\000d}{}% 6
\BOOKMARK [1][-]{section.2.1}{\376\377\000C\000M\000B\000\040\000O\000b\000s\000e\000r\000v\000a\000b\000l\000e\000s\000\040\000a\000n\000d\000\040\000t\000h\000e\000\040\000R\000o\000l\000e\000\040\000o\000f\000\040\000I\000n\000s\000t\000r\000u\000m\000e\000n\000t\000a\000l\000\040\000N\000o\000i\000s\000e}{chapter.2}% 7
\BOOKMARK [1][-]{section.2.2}{\376\377\000W\000h\000i\000t\000e\000\040\000N\000o\000i\000s\000e\000\040\000a\000n\000d\000\040\0001\000/\000f\000\040\000N\000o\000i\000s\000e}{chapter.2}% 8
\BOOKMARK [2][-]{subsection.2.2.1}{\376\377\000W\000h\000i\000t\000e\000\040\000N\000o\000i\000s\000e}{section.2.2}% 9
\BOOKMARK [2][-]{subsection.2.2.2}{\376\377\0001\000/\000f\000\040\000N\000o\000i\000s\000e}{section.2.2}% 10
\BOOKMARK [1][-]{section.2.3}{\376\377\000P\000o\000w\000e\000r\000\040\000S\000p\000e\000c\000t\000r\000a\000l\000\040\000D\000e\000n\000s\000i\000t\000y}{chapter.2}% 11
\BOOKMARK [2][-]{subsection.2.3.1}{\376\377\000P\000S\000D\000\040\000E\000s\000t\000i\000m\000a\000t\000i\000o\000n\000\040\000w\000i\000t\000h\000\040\000t\000h\000e\000\040\000F\000F\000T}{section.2.3}% 12
\BOOKMARK [2][-]{subsection.2.3.2}{\376\377\000W\000e\000l\000c\000h\000'\000s\000\040\000M\000e\000t\000h\000o\000d}{section.2.3}% 13
\BOOKMARK [1][-]{section.2.4}{\376\377\000H\000E\000A\000L\000P\000i\000x\000\040\000S\000k\000y\000\040\000P\000i\000x\000e\000l\000i\000z\000a\000t\000i\000o\000n}{chapter.2}% 14
\BOOKMARK [0][-]{chapter.3}{\376\377\000S\000i\000m\000u\000l\000a\000t\000i\000o\000n\000\040\000F\000r\000a\000m\000e\000w\000o\000r\000k\000\040\000a\000n\000d\000\040\000I\000n\000s\000t\000r\000u\000m\000e\000n\000t\000\040\000M\000o\000d\000e\000l\000i\000n\000g}{}% 15
\BOOKMARK [1][-]{section.3.1}{\376\377\000T\000h\000e\000\040\000L\000i\000t\000e\000B\000I\000R\000D\000\040\000S\000i\000m\000u\000l\000a\000t\000i\000o\000n\000\040\000F\000r\000a\000m\000e\000w\000o\000r\000k}{chapter.3}% 16
\BOOKMARK [1][-]{section.3.2}{\376\377\000S\000i\000m\000u\000l\000a\000t\000i\000o\000n\000\040\000A\000r\000c\000h\000i\000t\000e\000c\000t\000u\000r\000e\000\040\000a\000n\000d\000\040\000P\000i\000p\000e\000l\000i\000n\000e\000\040\000S\000t\000r\000u\000c\000t\000u\000r\000e}{chapter.3}% 17
\BOOKMARK [1][-]{section.3.3}{\376\377\000O\000b\000s\000e\000r\000v\000a\000t\000i\000o\000n\000\040\000M\000o\000d\000e\000l\000:\000\040\000T\000i\000m\000e\000-\000O\000r\000d\000e\000r\000e\000d\000\040\000D\000a\000t\000a\000\040\000a\000n\000d\000\040\000P\000o\000i\000n\000t\000i\000n\000g}{chapter.3}% 18
\BOOKMARK [1][-]{section.3.4}{\376\377\000S\000c\000a\000n\000n\000i\000n\000g\000\040\000S\000t\000r\000a\000t\000e\000g\000y}{chapter.3}% 19
\BOOKMARK [1][-]{section.3.5}{\376\377\000I\000n\000s\000t\000r\000u\000m\000e\000n\000t\000\040\000a\000n\000d\000\040\000D\000e\000t\000e\000c\000t\000o\000r\000\040\000M\000o\000d\000e\000l\000i\000n\000g}{chapter.3}% 20
\BOOKMARK [2][-]{subsection.3.5.1}{\376\377\000T\000h\000e\000\040\000I\000n\000s\000t\000r\000u\000m\000e\000n\000t\000\040\000M\000o\000d\000e\000l\000\040\000\050\000I\000M\000o\000\051}{section.3.5}% 21
\BOOKMARK [2][-]{subsection.3.5.2}{\376\377\000D\000e\000t\000e\000c\000t\000o\000r\000\040\000M\000o\000d\000e\000l\000s}{section.3.5}% 22
\BOOKMARK [1][-]{section.3.6}{\376\377\000S\000i\000m\000u\000l\000a\000t\000i\000o\000n\000\040\000W\000o\000r\000k\000f\000l\000o\000w}{chapter.3}% 23
\BOOKMARK [0][-]{chapter.4}{\376\377\000I\000m\000p\000l\000e\000m\000e\000n\000t\000a\000t\000i\000o\000n\000\040\000o\000f\000\040\000I\000n\000s\000t\000r\000u\000m\000e\000n\000t\000a\000l\000\040\000N\000o\000i\000s\000e}{}% 24
\BOOKMARK [1][-]{section.4.1}{\376\377\000T\000i\000m\000e\000-\000O\000r\000d\000e\000r\000e\000d\000\040\000D\000a\000t\000a\000\040\000a\000n\000d\000\040\000B\000l\000o\000c\000k\000-\000w\000i\000s\000e\000\040\000P\000r\000o\000c\000e\000s\000s\000i\000n\000g}{chapter.4}% 25
\BOOKMARK [2][-]{subsection.4.1.1}{\376\377\000T\000e\000m\000p\000o\000r\000a\000l\000\040\000S\000c\000a\000l\000e\000s\000\040\000o\000f\000\040\0001\000/\000f\000\040\000N\000o\000i\000s\000e\000\040\000C\000o\000r\000r\000e\000l\000a\000t\000i\000o\000n\000s}{section.4.1}% 26
\BOOKMARK [2][-]{subsection.4.1.2}{\376\377\000M\000o\000t\000i\000v\000a\000t\000i\000o\000n\000s\000\040\000f\000o\000r\000\040\000B\000l\000o\000c\000k\000-\000w\000i\000s\000e\000\040\000P\000r\000o\000c\000e\000s\000s\000i\000n\000g}{section.4.1}% 27
\BOOKMARK [1][-]{section.4.2}{\376\377\000N\000o\000i\000s\000e\000\040\000G\000e\000n\000e\000r\000a\000t\000i\000o\000n\000\040\000S\000t\000r\000a\000t\000e\000g\000y}{chapter.4}% 28
\BOOKMARK [2][-]{subsection.4.2.1}{\376\377\000B\000l\000o\000c\000k\000-\000w\000i\000s\000e\000\040\000p\000r\000o\000c\000e\000s\000s\000i\000n\000g}{section.4.2}% 29
\BOOKMARK [2][-]{subsection.4.2.2}{\376\377\000S\000u\000p\000p\000o\000r\000t\000\040\000f\000o\000r\000\040\000m\000u\000l\000t\000i\000p\000l\000e\000\040\000d\000e\000t\000e\000c\000t\000o\000r\000s}{section.4.2}% 30
\BOOKMARK [2][-]{subsection.4.2.3}{\376\377\000R\000a\000n\000d\000o\000m\000n\000e\000s\000s\000\040\000a\000n\000d\000\040\000r\000e\000p\000r\000o\000d\000u\000c\000i\000b\000i\000l\000i\000t\000y}{section.4.2}% 31
\BOOKMARK [1][-]{section.4.3}{\376\377\000T\000h\000e\000\040\000a\000d\000d\000\137\000l\000b\000s\000N\000o\000i\000s\000e\000\040\000F\000u\000n\000c\000t\000i\000o\000n}{chapter.4}% 32
\BOOKMARK [2][-]{subsection.4.3.1}{\376\377\000I\000m\000p\000l\000e\000m\000e\000n\000t\000a\000t\000i\000o\000n}{section.4.3}% 33
\BOOKMARK [2][-]{subsection.4.3.2}{\376\377\000I\000n\000p\000u\000t\000s\000\040\000a\000n\000d\000\040\000s\000e\000t\000u\000p}{section.4.3}% 34
\BOOKMARK [2][-]{subsection.4.3.3}{\376\377\000A\000d\000v\000a\000n\000t\000a\000g\000e\000s\000\040\000a\000n\000d\000\040\000l\000i\000m\000i\000t\000a\000t\000i\000o\000n\000s}{section.4.3}% 35
\BOOKMARK [1][-]{section.4.4}{\376\377\000T\000h\000e\000\040\000a\000d\000d\000\137\000O\000o\000f\000a\000N\000o\000i\000s\000e\000\040\000F\000u\000n\000c\000t\000i\000o\000n}{chapter.4}% 36
\BOOKMARK [2][-]{subsection.4.4.1}{\376\377\000O\000o\000f\000a\000N\000o\000i\000s\000e\000\040\000a\000n\000d\000\040\000p\000a\000r\000a\000m\000e\000t\000e\000r\000\040\000c\000o\000n\000v\000e\000r\000s\000i\000o\000n}{section.4.4}% 37
\BOOKMARK [2][-]{subsection.4.4.2}{\376\377\000B\000l\000o\000c\000k\000-\000w\000i\000s\000e\000\040\000n\000o\000i\000s\000e\000\040\000g\000e\000n\000e\000r\000a\000t\000i\000o\000n}{section.4.4}% 38
\BOOKMARK [2][-]{subsection.4.4.3}{\376\377\000A\000d\000v\000a\000n\000t\000a\000g\000e\000s\000\040\000a\000n\000d\000\040\000l\000i\000m\000i\000t\000a\000t\000i\000o\000n\000s}{section.4.4}% 39
\BOOKMARK [0][-]{chapter.5}{\376\377\000C\000o\000m\000p\000a\000r\000i\000s\000o\000n\000\040\000i\000n\000\040\000t\000h\000e\000\040\000T\000i\000m\000e\000\040\000a\000n\000d\000\040\000F\000r\000e\000q\000u\000e\000n\000c\000y\000\040\000D\000o\000m\000a\000i\000n\000s}{}% 40
\BOOKMARK [1][-]{section.5.1}{\376\377\000S\000h\000o\000r\000t\000-\000T\000i\000m\000e\000\040\000S\000i\000m\000u\000l\000a\000t\000i\000o\000n\000s\000\040\000S\000e\000t\000u\000p}{chapter.5}% 41
\BOOKMARK [1][-]{section.5.2}{\376\377\000T\000i\000m\000e\000-\000D\000o\000m\000a\000i\000n\000\040\000A\000n\000a\000l\000y\000s\000i\000s}{chapter.5}% 42
\BOOKMARK [1][-]{section.5.3}{\376\377\000F\000r\000e\000q\000u\000e\000n\000c\000y\000-\000D\000o\000m\000a\000i\000n\000\040\000A\000n\000a\000l\000y\000s\000i\000s}{chapter.5}% 43
\BOOKMARK [0][-]{chapter.6}{\376\377\000M\000a\000p\000-\000B\000a\000s\000e\000d\000\040\000C\000o\000m\000p\000a\000r\000i\000s\000o\000n\000\040\000U\000s\000i\000n\000g\000\040\000H\000E\000A\000L\000P\000i\000x}{}% 44
\BOOKMARK [1][-]{section.6.1}{\376\377\000L\000o\000n\000g\000-\000T\000e\000r\000m\000\040\000S\000i\000m\000u\000l\000a\000t\000i\000o\000n\000s}{chapter.6}% 45
\BOOKMARK [1][-]{section.6.2}{\376\377\000M\000a\000p\000-\000M\000a\000k\000i\000n\000g\000\040\000P\000r\000o\000c\000e\000d\000u\000r\000e}{chapter.6}% 46
\BOOKMARK [1][-]{section.6.3}{\376\377\000M\000e\000m\000o\000r\000y\000\040\000O\000p\000t\000i\000m\000i\000z\000a\000t\000i\000o\000n\000\040\000a\000n\000d\000\040\000P\000e\000r\000f\000o\000r\000m\000a\000n\000c\000e}{chapter.6}% 47
\BOOKMARK [1][-]{section.6.4}{\376\377\000A\000n\000a\000l\000y\000s\000i\000s\000\040\000o\000f\000\040\000N\000o\000i\000s\000e\000\040\000M\000a\000p\000s}{chapter.6}% 48
\BOOKMARK [1][-]{section.6.5}{\376\377\000H\000a\000r\000m\000o\000n\000i\000c\000-\000D\000o\000m\000a\000i\000n\000\040\000A\000n\000a\000l\000y\000s\000i\000s\000\040\000o\000f\000\040\000N\000o\000i\000s\000e\000\040\000M\000a\000p\000s}{chapter.6}% 49
\BOOKMARK [0][-]{chapter.7}{\376\377\000C\000o\000n\000c\000l\000u\000s\000i\000o\000n\000s}{}% 50
\BOOKMARK [1][-]{section.7.1}{\376\377\000S\000u\000m\000m\000a\000r\000y\000\040\000o\000f\000\040\000t\000h\000e\000\040\000W\000o\000r\000k}{chapter.7}% 51
\BOOKMARK [1][-]{section.7.2}{\376\377\000F\000i\000n\000a\000l\000\040\000C\000o\000m\000p\000a\000r\000i\000s\000o\000n\000\040\000B\000e\000t\000w\000e\000e\000n\000\040\000N\000o\000i\000s\000e\000\040\000M\000o\000d\000e\000l\000s}{chapter.7}% 52
\BOOKMARK [1][-]{section.7.3}{\376\377\000F\000u\000t\000u\000r\000e\000\040\000I\000m\000p\000r\000o\000v\000e\000m\000e\000n\000t\000s}{chapter.7}% 53
\BOOKMARK [0][-]{appendix.A}{\376\377\000I\000m\000p\000l\000e\000m\000e\000n\000t\000a\000t\000i\000o\000n\000\040\000D\000e\000t\000a\000i\000l\000s\000\040\000a\000n\000d\000\040\000S\000i\000m\000u\000l\000a\000t\000i\000o\000n\000\040\000C\000o\000d\000e}{}% 54
\BOOKMARK [1][-]{section.A.1}{\376\377\000T\000i\000m\000e\000\040\000a\000n\000d\000\040\000F\000r\000e\000q\000u\000e\000n\000c\000y\000\040\000D\000o\000m\000a\000i\000n\000\040\000A\000n\000a\000l\000y\000s\000i\000s}{appendix.A}% 55
\BOOKMARK [1][-]{section.A.2}{\376\377\000F\000u\000l\000l\000\040\000M\000a\000p\000-\000M\000a\000k\000i\000n\000g\000\040\000a\000n\000d\000\040\000H\000a\000r\000m\000o\000n\000i\000c\000\040\000A\000n\000a\000l\000y\000s\000i\000s\000\040\000P\000i\000p\000e\000l\000i\000n\000e}{appendix.A}% 56
\BOOKMARK [1][-]{section.A.3}{\376\377\000N\000u\000m\000b\000a\000-\000O\000p\000t\000i\000m\000i\000z\000e\000d\000\040\000K\000e\000r\000n\000e\000l\000s}{appendix.A}% 57
